-- Running vcpkg install
Detecting compiler hash for triplet x64-windows...
Compiler found: C:/Program Files/Microsoft Visual Studio/2022/Community/VC/Tools/MSVC/14.44.35207/bin/Hostx64/x64/cl.exe
The following packages are already installed:
  * brotli:x64-windows@1.2.0
  * bzip2[core,tool]:x64-windows@1.0.8#6
  * freetype[brotli,bzip2,core,png,zlib]:x64-windows@2.13.3
    glm:x64-windows@1.0.2
    imgui[core,sdl3-binding,sdl3-renderer-binding,vulkan-binding]:x64-windows@1.91.9
  * libpng:x64-windows@1.6.51
    nlohmann-json:x64-windows@3.12.0#1
    sdl3:x64-windows@3.2.26#1
    sdl3-image:x64-windows@3.2.4
    sdl3-ttf:x64-windows@3.2.2#1
  * vcpkg-cmake:x64-windows@2024-04-23
  * vcpkg-cmake-config:x64-windows@2024-05-23
    vulkan:x64-windows@2023-12-17
  * vulkan-headers:x64-windows@1.4.309.0
  * vulkan-loader:x64-windows@1.4.309.0#3
  * zlib:x64-windows@1.3.1
The package glm provides CMake targets:

    find_package(glm CONFIG REQUIRED)
    target_link_libraries(main PRIVATE glm::glm)

    # Or use the header-only version
    find_package(glm CONFIG REQUIRED)
    target_link_libraries(main PRIVATE glm::glm-header-only)

vulkan is compatible with built-in CMake targets:

    # https://cmake.org/cmake/help/latest/module/FindVulkan.html
    find_package(Vulkan REQUIRED)
    target_link_libraries(main PRIVATE Vulkan::Vulkan)

sdl3 provides CMake targets:

  find_package(SDL3 CONFIG REQUIRED)
  target_link_libraries(main PRIVATE SDL3::SDL3)

imgui provides CMake targets:

  # this is heuristically generated, and may not be correct
  find_package(imgui CONFIG REQUIRED)
  target_link_libraries(main PRIVATE imgui::imgui)

The package nlohmann-json provides CMake targets:

    find_package(nlohmann_json CONFIG REQUIRED)
    target_link_libraries(main PRIVATE nlohmann_json::nlohmann_json)

The package nlohmann-json can be configured to not provide implicit conversions via a custom triplet file:

    set(nlohmann-json_IMPLICIT_CONVERSIONS OFF)

For more information, see the docs here:
    
    https://json.nlohmann.me/api/macros/json_use_implicit_conversions/

sdl3-image provides CMake targets:

  find_package(SDL3_image CONFIG REQUIRED)
  target_link_libraries(main PRIVATE $<IF:$<TARGET_EXISTS:SDL3_image::SDL3_image-shared>,SDL3_image::SDL3_image-shared,SDL3_image::SDL3_image-static>)

sdl3-image provides pkg-config modules:

  # image loading library for Simple DirectMedia Layer
  sdl3-image

sdl3-ttf provides CMake targets:

  find_package(SDL3_ttf CONFIG REQUIRED)
  target_link_libraries(main PRIVATE SDL3_ttf::SDL3_ttf)

All requested installations completed successfully in: 990 us
-- Running vcpkg install - done
-- Selecting Windows SDK version 10.0.26100.0 to target Windows 10.0.26200.
-- Configuring done (2.4s)
-- Generating done (0.0s)
-- Build files have been written to: C:/Users/Computia.me/Downloads/everything/engine/Template3/build_test
